  * 1 book: 12.49
  * Sales Taxes: 0.00 Total: 12.49
